// Jest Snapshot v1, https://goo.gl/fbAQLP

exports[`CalculatorButton renders correctly 1`] = `
<button
  className="btn "
  onClick={[Function]}
  type="button"
>
  Submit
</button>
`;
