// Jest Snapshot v1, https://goo.gl/fbAQLP

exports[`App renders correctly 1`] = `
<div>
  <nav
    className="flex justify-between container py-2 bg-white shadow"
  >
    <h2
      className="text-lg"
    >
      Math Magician
    </h2>
    <ul
      className="flex gap"
    >
      <li>
        <a
          href="/"
          onClick={[Function]}
        >
          Home
        </a>
      </li>
      <li>
        <a
          href="/calculator"
          onClick={[Function]}
        >
          Calculator
        </a>
      </li>
      <li>
        <a
          href="/quotes"
          onClick={[Function]}
        >
          Quotes
        </a>
      </li>
    </ul>
  </nav>
  <main
    className="container"
  >
    <div
      className="py-2"
    >
      <h1
        className="text-xl"
      >
        Welcome to Math Magician
      </h1>
      <p
        className="mt-1"
      >
        We help you to solve your complex math problems using our magical caculator.
      </p>
      <div
        className="py-2"
      >
        <img
          alt="math pic"
          className="w-full"
          src="https://www.wellesley.edu/sites/default/files/styles/news_refresh_hero/public/assets/dailyshot/ds_461390782.jpg?itok=jr0Buv1t"
        />
      </div>
    </div>
  </main>
</div>
`;
